--------------------------------------------------------------------------------
		ProcMon - Process Log
		Log File created at: Sat Dec  6 12:16:09 2025
--------------------------------------------------------------------------------

{'username': 'NT AUTHORITY\\SYSTEM', 'name': 'System Idle Process', 'pid': 0, 'vms': 0.05859375}
{'username': 'NT AUTHORITY\\SYSTEM', 'name': 'System', 'pid': 4, 'vms': 0.046875}
{'username': None, 'name': '', 'pid': 92, 'vms': 0.16796875}
{'username': None, 'name': 'Registry', 'pid': 136, 'vms': 23.04296875}
{'username': None, 'name': 'csrss.exe', 'pid': 372, 'vms': 2.21875}
{'username': None, 'name': 'smss.exe', 'pid': 580, 'vms': 1.13671875}
{'username': None, 'name': 'wininit.exe', 'pid': 648, 'vms': 1.48828125}
{'username': None, 'name': 'svchost.exe', 'pid': 700, 'vms': 1.8984375}
{'username': None, 'name': 'csrss.exe', 'pid': 892, 'vms': 8.96484375}
{'username': None, 'name': 'winlogon.exe', 'pid': 1080, 'vms': 2.48046875}
{'username': None, 'name': 'services.exe', 'pid': 1156, 'vms': 6.5078125}
{'username': None, 'name': 'LsaIso.exe', 'pid': 1200, 'vms': 1.19140625}
{'username': None, 'name': 'lsass.exe', 'pid': 1208, 'vms': 10.87890625}
{'username': None, 'name': 'svchost.exe', 'pid': 1220, 'vms': 5.91015625}
{'username': 'LAPTOP-R6UEF4HE\\HP', 'name': 'chrome.exe', 'pid': 1288, 'vms': 34.8046875}
{'username': None, 'name': 'svchost.exe', 'pid': 1312, 'vms': 2.3046875}
{'username': None, 'name': 'svchost.exe', 'pid': 1340, 'vms': 11.4296875}
{'username': 'LAPTOP-R6UEF4HE\\HP', 'name': 'chrome.exe', 'pid': 1364, 'vms': 204.97265625}
{'username': None, 'name': 'fontdrvhost.exe', 'pid': 1372, 'vms': 4.47265625}
{'username': None, 'name': 'fontdrvhost.exe', 'pid': 1380, 'vms': 1.71875}
{'username': None, 'name': 'svchost.exe', 'pid': 1472, 'vms': 9.4296875}
{'username': None, 'name': 'svchost.exe', 'pid': 1516, 'vms': 3.08203125}
{'username': None, 'name': 'dwm.exe', 'pid': 1612, 'vms': 148.70703125}
{'username': None, 'name': 'svchost.exe', 'pid': 1664, 'vms': 1.20703125}
{'username': 'LAPTOP-R6UEF4HE\\HP', 'name': 'ShellHost.exe', 'pid': 1716, 'vms': 13.42578125}
{'username': None, 'name': 'svchost.exe', 'pid': 1748, 'vms': 1.7109375}
{'username': None, 'name': 'svchost.exe', 'pid': 1772, 'vms': 3.03125}
{'username': 'LAPTOP-R6UEF4HE\\HP', 'name': 'msedgewebview2.exe', 'pid': 1784, 'vms': 2.19140625}
{'username': 'LAPTOP-R6UEF4HE\\HP', 'name': 'BridgeCommunication.exe', 'pid': 1816, 'vms': 6.0625}
{'username': None, 'name': 'svchost.exe', 'pid': 1840, 'vms': 6.25}
{'username': None, 'name': 'svchost.exe', 'pid': 1848, 'vms': 2.1171875}
{'username': None, 'name': 'svchost.exe', 'pid': 1868, 'vms': 2.5703125}
{'username': None, 'name': 'svchost.exe', 'pid': 1924, 'vms': 1.4765625}
{'username': None, 'name': 'svchost.exe', 'pid': 1960, 'vms': 2.37109375}
{'username': None, 'name': 'svchost.exe', 'pid': 1976, 'vms': 6.84375}
{'username': 'LAPTOP-R6UEF4HE\\HP', 'name': 'AppActions.exe', 'pid': 1984, 'vms': 12.546875}
{'username': 'LAPTOP-R6UEF4HE\\HP', 'name': 'RuntimeBroker.exe', 'pid': 1992, 'vms': 13.57421875}
{'username': None, 'name': 'svchost.exe', 'pid': 2064, 'vms': 2.91796875}
{'username': None, 'name': 'svchost.exe', 'pid': 2300, 'vms': 2.6171875}
{'username': None, 'name': 'amdfendrsr.exe', 'pid': 2308, 'vms': 5.31640625}
{'username': None, 'name': 'atiesrxx.exe', 'pid': 2316, 'vms': 1.51953125}
{'username': None, 'name': 'svchost.exe', 'pid': 2324, 'vms': 15.4375}
{'username': 'LAPTOP-R6UEF4HE\\HP', 'name': 'chrome.exe', 'pid': 2364, 'vms': 109.95703125}
{'username': None, 'name': 'svchost.exe', 'pid': 2484, 'vms': 3.2890625}
{'username': None, 'name': 'svchost.exe', 'pid': 2600, 'vms': 3.61328125}
{'username': None, 'name': 'atieclxx.exe', 'pid': 2648, 'vms': 4.0546875}
{'username': None, 'name': 'svchost.exe', 'pid': 2656, 'vms': 1.89453125}
{'username': None, 'name': 'svchost.exe', 'pid': 2672, 'vms': 2.48828125}
{'username': None, 'name': 'svchost.exe', 'pid': 2680, 'vms': 2.58984375}
{'username': None, 'name': 'svchost.exe', 'pid': 2684, 'vms': 1.40625}
{'username': None, 'name': 'svchost.exe', 'pid': 2772, 'vms': 1.97265625}
{'username': None, 'name': 'MemCompression', 'pid': 2792, 'vms': 1.4453125}
{'username': None, 'name': 'BraveCrashHandler.exe', 'pid': 2800, 'vms': 1.74609375}
{'username': None, 'name': 'svchost.exe', 'pid': 2852, 'vms': 2.07421875}
{'username': None, 'name': 'svchost.exe', 'pid': 2860, 'vms': 2.3046875}
{'username': None, 'name': 'AppHelperCap.exe', 'pid': 2872, 'vms': 8.12109375}
{'username': None, 'name': 'DiagsCap.exe', 'pid': 2888, 'vms': 19.28515625}
{'username': None, 'name': 'NetworkCap.exe', 'pid': 2900, 'vms': 3.94921875}
{'username': 'LAPTOP-R6UEF4HE\\HP', 'name': 'UserOOBEBroker.exe', 'pid': 2916, 'vms': 1.6953125}
{'username': None, 'name': 'SysInfoCap.exe', 'pid': 2920, 'vms': 12.0234375}
{'username': None, 'name': 'TouchpointAnalyticsClientService.exe', 'pid': 2936, 'vms': 51.17578125}
{'username': None, 'name': 'svchost.exe', 'pid': 3000, 'vms': 1.51953125}
{'username': None, 'name': 'svchost.exe', 'pid': 3112, 'vms': 4.87890625}
{'username': None, 'name': 'svchost.exe', 'pid': 3140, 'vms': 3.54296875}
{'username': None, 'name': 'svchost.exe', 'pid': 3168, 'vms': 1.94921875}
{'username': None, 'name': 'svchost.exe', 'pid': 3296, 'vms': 13.70703125}
{'username': None, 'name': 'SearchIndexer.exe', 'pid': 3324, 'vms': 33.00390625}
{'username': 'LAPTOP-R6UEF4HE\\HP', 'name': 'chrome.exe', 'pid': 3508, 'vms': 97.8828125}
{'username': None, 'name': 'svchost.exe', 'pid': 3580, 'vms': 13.49609375}
{'username': None, 'name': 'svchost.exe', 'pid': 3688, 'vms': 2.47265625}
{'username': 'LAPTOP-R6UEF4HE\\HP', 'name': 'UlaaUpdateAssistant.exe', 'pid': 3816, 'vms': 19.86328125}
{'username': None, 'name': 'svchost.exe', 'pid': 3820, 'vms': 2.54296875}
{'username': None, 'name': 'svchost.exe', 'pid': 3880, 'vms': 1.86328125}
{'username': 'LAPTOP-R6UEF4HE\\HP', 'name': 'backgroundTaskHost.exe', 'pid': 3892, 'vms': 22.26171875}
{'username': None, 'name': 'svchost.exe', 'pid': 3916, 'vms': 2.671875}
{'username': None, 'name': 'svchost.exe', 'pid': 3980, 'vms': 2.29296875}
{'username': None, 'name': 'svchost.exe', 'pid': 3988, 'vms': 2.2734375}
{'username': None, 'name': 'NgcIso.exe', 'pid': 4020, 'vms': 1.3671875}
{'username': None, 'name': 'svchost.exe', 'pid': 4068, 'vms': 1.51953125}
{'username': None, 'name': 'svchost.exe', 'pid': 4104, 'vms': 15.125}
{'username': None, 'name': 'svchost.exe', 'pid': 4120, 'vms': 2.96875}
{'username': 'LAPTOP-R6UEF4HE\\HP', 'name': 'chrome.exe', 'pid': 4132, 'vms': 200.79296875}
{'username': None, 'name': 'svchost.exe', 'pid': 4272, 'vms': 6.59375}
{'username': None, 'name': 'svchost.exe', 'pid': 4308, 'vms': 2.9140625}
{'username': None, 'name': 'spoolsv.exe', 'pid': 4364, 'vms': 32.91015625}
{'username': None, 'name': 'ModuleCoreService.exe', 'pid': 4380, 'vms': 33.0546875}
{'username': 'LAPTOP-R6UEF4HE\\HP', 'name': 'SearchHost.exe', 'pid': 4384, 'vms': 58.13671875}
{'username': None, 'name': 'conhost.exe', 'pid': 4392, 'vms': 1.08984375}
{'username': None, 'name': 'svchost.exe', 'pid': 4424, 'vms': 1.94921875}
{'username': None, 'name': 'WmiPrvSE.exe', 'pid': 4540, 'vms': 16.6171875}
{'username': None, 'name': 'svchost.exe', 'pid': 4548, 'vms': 1.45703125}
{'username': 'LAPTOP-R6UEF4HE\\HP', 'name': 'ETDCtrl.exe', 'pid': 4556, 'vms': 6.58984375}
{'username': None, 'name': 'mDNSResponder.exe', 'pid': 4564, 'vms': 1.8359375}
{'username': None, 'name': 'svchost.exe', 'pid': 4580, 'vms': 2.1640625}
{'username': None, 'name': 'svchost.exe', 'pid': 4592, 'vms': 1.90625}
{'username': None, 'name': 'svchost.exe', 'pid': 4612, 'vms': 2.65625}
{'username': 'LAPTOP-R6UEF4HE\\HP', 'name': 'svchost.exe', 'pid': 4628, 'vms': 1.73828125}
{'username': None, 'name': 'svchost.exe', 'pid': 4644, 'vms': 30.484375}
{'username': None, 'name': 'OfficeClickToRun.exe', 'pid': 4656, 'vms': 30.57421875}
{'username': None, 'name': 'svchost.exe', 'pid': 4676, 'vms': 35.9140625}
{'username': None, 'name': 'ETDService.exe', 'pid': 4696, 'vms': 1.49609375}
{'username': None, 'name': 'HPCommRecovery.exe', 'pid': 4812, 'vms': 17.3203125}
{'username': None, 'name': 'svchost.exe', 'pid': 4820, 'vms': 3.0390625}
{'username': None, 'name': 'MpDefenderCoreService.exe', 'pid': 4900, 'vms': 10.3671875}
{'username': None, 'name': 'PEFService.exe', 'pid': 4908, 'vms': 19.5625}
{'username': None, 'name': 'mfemms.exe', 'pid': 4920, 'vms': 4.671875}
{'username': None, 'name': 'svchost.exe', 'pid': 4932, 'vms': 2.34765625}
{'username': None, 'name': 'ModuleCoreService.exe', 'pid': 5004, 'vms': 6.390625}
{'username': None, 'name': 'svchost.exe', 'pid': 5024, 'vms': 1.7421875}
{'username': None, 'name': 'McCSPServiceHost.exe', 'pid': 5068, 'vms': 10.0078125}
{'username': None, 'name': 'RtkAudUService64.exe', 'pid': 5080, 'vms': 6.4609375}
{'username': None, 'name': 'RtkBtManServ.exe', 'pid': 5096, 'vms': 1.7578125}
{'username': 'LAPTOP-R6UEF4HE\\HP', 'name': 'SystemSettings.exe', 'pid': 5112, 'vms': 185.28125}
{'username': None, 'name': 'mysqld.exe', 'pid': 5132, 'vms': 33.8515625}
{'username': None, 'name': 'SECOMN64.exe', 'pid': 5148, 'vms': 3.74609375}
{'username': None, 'name': 'svchost.exe', 'pid': 5160, 'vms': 2.3828125}
{'username': None, 'name': 'svchost.exe', 'pid': 5304, 'vms': 1.32421875}
{'username': None, 'name': 'svchost.exe', 'pid': 5360, 'vms': 4.54296875}
{'username': None, 'name': 'svchost.exe', 'pid': 5388, 'vms': 1.73828125}
{'username': None, 'name': 'MsMpEng.exe', 'pid': 5400, 'vms': 287.73046875}
{'username': None, 'name': 'dasHost.exe', 'pid': 5456, 'vms': 3.984375}
{'username': None, 'name': 'TeamViewer_Service.exe', 'pid': 5480, 'vms': 4.7890625}
{'username': 'LAPTOP-R6UEF4HE\\HP', 'name': 'chrome.exe', 'pid': 5580, 'vms': 150.17578125}
{'username': None, 'name': 'wslservice.exe', 'pid': 5668, 'vms': 6.75}
{'username': None, 'name': 'svchost.exe', 'pid': 5712, 'vms': 2.14453125}
{'username': 'LAPTOP-R6UEF4HE\\HP', 'name': 'CrossDeviceService.exe', 'pid': 5744, 'vms': 20.75}
{'username': None, 'name': 'svchost.exe', 'pid': 5824, 'vms': 6.28515625}
{'username': None, 'name': 'svchost.exe', 'pid': 5968, 'vms': 4.21484375}
{'username': None, 'name': 'dasHost.exe', 'pid': 6140, 'vms': 1.33203125}
{'username': 'LAPTOP-R6UEF4HE\\HP', 'name': 'chrome.exe', 'pid': 6216, 'vms': 83.8984375}
{'username': None, 'name': 'svchost.exe', 'pid': 6228, 'vms': 3.6328125}
{'username': 'LAPTOP-R6UEF4HE\\HP', 'name': 'AdobeIPCBroker.exe', 'pid': 6236, 'vms': 2.80078125}
{'username': None, 'name': 'mysqld.exe', 'pid': 6248, 'vms': 616.28125}
{'username': 'LAPTOP-R6UEF4HE\\HP', 'name': 'MfeBrowserHost.exe', 'pid': 6264, 'vms': 6.1171875}
{'username': None, 'name': 'conhost.exe', 'pid': 6296, 'vms': 1.546875}
{'username': None, 'name': 'unsecapp.exe', 'pid': 6304, 'vms': 1.54296875}
{'username': 'LAPTOP-R6UEF4HE\\HP', 'name': 'CrossDeviceResume.exe', 'pid': 6404, 'vms': 15.02734375}
{'username': 'LAPTOP-R6UEF4HE\\HP', 'name': 'python.exe', 'pid': 6408, 'vms': 9.26953125}
{'username': None, 'name': 'svchost.exe', 'pid': 6480, 'vms': 3.4453125}
{'username': 'LAPTOP-R6UEF4HE\\HP', 'name': 'svchost.exe', 'pid': 6492, 'vms': 10.93359375}
{'username': 'LAPTOP-R6UEF4HE\\HP', 'name': 'chrome.exe', 'pid': 6612, 'vms': 88.140625}
{'username': None, 'name': 'MMSSHOST.exe', 'pid': 6720, 'vms': 37.74609375}
{'username': None, 'name': 'WmiPrvSE.exe', 'pid': 6728, 'vms': 2.97265625}
{'username': 'LAPTOP-R6UEF4HE\\HP', 'name': 'explorer.exe', 'pid': 6740, 'vms': 258.953125}
{'username': 'LAPTOP-R6UEF4HE\\HP', 'name': 'chrome.exe', 'pid': 6804, 'vms': 9.51171875}
{'username': 'LAPTOP-R6UEF4HE\\HP', 'name': 'conhost.exe', 'pid': 6812, 'vms': 1.66796875}
{'username': None, 'name': 'svchost.exe', 'pid': 6892, 'vms': 4.84375}
{'username': None, 'name': 'mfevtps.exe', 'pid': 6908, 'vms': 7.98046875}
{'username': None, 'name': 'ProtectedModuleHost.exe', 'pid': 7020, 'vms': 5.5546875}
{'username': 'LAPTOP-R6UEF4HE\\HP', 'name': 'uihost.exe', 'pid': 7884, 'vms': 22.61328125}
{'username': 'LAPTOP-R6UEF4HE\\HP', 'name': 'SDXHelper.exe', 'pid': 8168, 'vms': 15.74609375}
{'username': None, 'name': 'svchost.exe', 'pid': 8504, 'vms': 1.66796875}
{'username': None, 'name': 'svchost.exe', 'pid': 8584, 'vms': 6.55859375}
{'username': None, 'name': 'svchost.exe', 'pid': 8660, 'vms': 1.15234375}
{'username': 'LAPTOP-R6UEF4HE\\HP', 'name': 'ctfmon.exe', 'pid': 8884, 'vms': 26.34375}
{'username': 'LAPTOP-R6UEF4HE\\HP', 'name': 'sihost.exe', 'pid': 8916, 'vms': 8.06640625}
{'username': None, 'name': 'RtkAudUService64.exe', 'pid': 8976, 'vms': 5.30078125}
{'username': 'LAPTOP-R6UEF4HE\\HP', 'name': 'svchost.exe', 'pid': 9016, 'vms': 12.6640625}
{'username': None, 'name': 'svchost.exe', 'pid': 9052, 'vms': 2.34375}
{'username': 'LAPTOP-R6UEF4HE\\HP', 'name': 'svchost.exe', 'pid': 9064, 'vms': 1.96875}
{'username': 'LAPTOP-R6UEF4HE\\HP', 'name': 'svchost.exe', 'pid': 9100, 'vms': 8.07421875}
{'username': None, 'name': 'svchost.exe', 'pid': 9112, 'vms': 5.57421875}
{'username': 'LAPTOP-R6UEF4HE\\HP', 'name': 'dllhost.exe', 'pid': 9128, 'vms': 2.97265625}
{'username': 'LAPTOP-R6UEF4HE\\HP', 'name': 'taskhostw.exe', 'pid': 9200, 'vms': 9.0390625}
{'username': None, 'name': 'AggregatorHost.exe', 'pid': 9232, 'vms': 4.55859375}
{'username': 'LAPTOP-R6UEF4HE\\HP', 'name': 'dllhost.exe', 'pid': 9276, 'vms': 3.046875}
{'username': 'LAPTOP-R6UEF4HE\\HP', 'name': 'node.exe', 'pid': 9520, 'vms': 29.53515625}
{'username': 'LAPTOP-R6UEF4HE\\HP', 'name': 'EXCEL.EXE', 'pid': 9616, 'vms': 241.13671875}
{'username': 'LAPTOP-R6UEF4HE\\HP', 'name': 'dllhost.exe', 'pid': 9628, 'vms': 2.7578125}
{'username': 'LAPTOP-R6UEF4HE\\HP', 'name': 'TextInputHost.exe', 'pid': 9808, 'vms': 25.72265625}
{'username': None, 'name': 'svchost.exe', 'pid': 9868, 'vms': 1.796875}
{'username': None, 'name': 'svchost.exe', 'pid': 9924, 'vms': 3.5625}
{'username': 'LAPTOP-R6UEF4HE\\HP', 'name': 'cmd.exe', 'pid': 10004, 'vms': 2.0078125}
{'username': None, 'name': 'svchost.exe', 'pid': 10064, 'vms': 1.27734375}
{'username': 'LAPTOP-R6UEF4HE\\HP', 'name': 'browser_assistant.exe', 'pid': 10072, 'vms': 3.4375}
{'username': None, 'name': 'svchost.exe', 'pid': 10144, 'vms': 1.9921875}
{'username': None, 'name': 'servicehost.exe', 'pid': 10152, 'vms': 24.44921875}
{'username': 'LAPTOP-R6UEF4HE\\HP', 'name': 'svchost.exe', 'pid': 10296, 'vms': 4.2734375}
{'username': 'LAPTOP-R6UEF4HE\\HP', 'name': 'msedgewebview2.exe', 'pid': 10308, 'vms': 41.640625}
{'username': 'LAPTOP-R6UEF4HE\\HP', 'name': 'browser_assistant.exe', 'pid': 10364, 'vms': 5.84375}
{'username': 'LAPTOP-R6UEF4HE\\HP', 'name': 'RuntimeBroker.exe', 'pid': 10420, 'vms': 4.1015625}
{'username': 'LAPTOP-R6UEF4HE\\HP', 'name': 'chrome.exe', 'pid': 10432, 'vms': 93.59765625}
{'username': None, 'name': 'svchost.exe', 'pid': 10452, 'vms': 8.59765625}
{'username': 'LAPTOP-R6UEF4HE\\HP', 'name': 'conhost.exe', 'pid': 10640, 'vms': 1.5390625}
{'username': 'LAPTOP-R6UEF4HE\\HP', 'name': 'py.exe', 'pid': 10688, 'vms': 1.625}
{'username': 'LAPTOP-R6UEF4HE\\HP', 'name': 'StartMenuExperienceHost.exe', 'pid': 10780, 'vms': 64.04296875}
{'username': None, 'name': 'svchost.exe', 'pid': 10808, 'vms': 18.89453125}
{'username': 'LAPTOP-R6UEF4HE\\HP', 'name': 'unsecapp.exe', 'pid': 10848, 'vms': 1.51953125}
{'username': 'LAPTOP-R6UEF4HE\\HP', 'name': 'svchost.exe', 'pid': 10996, 'vms': 3.7109375}
{'username': None, 'name': 'NisSrv.exe', 'pid': 11020, 'vms': 4.06640625}
{'username': 'LAPTOP-R6UEF4HE\\HP', 'name': 'Widgets.exe', 'pid': 11136, 'vms': 9.0546875}
{'username': 'LAPTOP-R6UEF4HE\\HP', 'name': 'chrome.exe', 'pid': 11184, 'vms': 187.51171875}
{'username': None, 'name': 'audiodg.exe', 'pid': 11208, 'vms': 9.49609375}
{'username': 'LAPTOP-R6UEF4HE\\HP', 'name': 'WidgetService.exe', 'pid': 11276, 'vms': 4.62109375}
{'username': 'LAPTOP-R6UEF4HE\\HP', 'name': 'RtkAudUService64.exe', 'pid': 11300, 'vms': 5.8984375}
{'username': None, 'name': 'mcapexe.exe', 'pid': 11460, 'vms': 3.16796875}
{'username': 'LAPTOP-R6UEF4HE\\HP', 'name': 'chrome.exe', 'pid': 11524, 'vms': 150.671875}
{'username': 'LAPTOP-R6UEF4HE\\HP', 'name': 'ApplicationFrameHost.exe', 'pid': 11632, 'vms': 16.71875}
{'username': 'LAPTOP-R6UEF4HE\\HP', 'name': 'ModuleCoreService.exe', 'pid': 11636, 'vms': 14.37890625}
{'username': None, 'name': 'MfeAVSvc.exe', 'pid': 11648, 'vms': 17.93359375}
{'username': 'LAPTOP-R6UEF4HE\\HP', 'name': 'conhost.exe', 'pid': 11724, 'vms': 1.13671875}
{'username': 'LAPTOP-R6UEF4HE\\HP', 'name': 'conhost.exe', 'pid': 12004, 'vms': 1.2109375}
{'username': 'LAPTOP-R6UEF4HE\\HP', 'name': 'RuntimeBroker.exe', 'pid': 12100, 'vms': 1.6328125}
{'username': 'LAPTOP-R6UEF4HE\\HP', 'name': 'chrome.exe', 'pid': 12284, 'vms': 2.25}
{'username': 'LAPTOP-R6UEF4HE\\HP', 'name': 'chrome.exe', 'pid': 12464, 'vms': 62.44921875}
{'username': 'LAPTOP-R6UEF4HE\\HP', 'name': 'msedgewebview2.exe', 'pid': 12724, 'vms': 59.46875}
{'username': 'LAPTOP-R6UEF4HE\\HP', 'name': 'msedgewebview2.exe', 'pid': 12784, 'vms': 14.9296875}
{'username': None, 'name': 'BraveCrashHandler64.exe', 'pid': 12952, 'vms': 1.73828125}
{'username': 'LAPTOP-R6UEF4HE\\HP', 'name': 'cmd.exe', 'pid': 13060, 'vms': 1.88671875}
{'username': 'LAPTOP-R6UEF4HE\\HP', 'name': 'msedgewebview2.exe', 'pid': 13128, 'vms': 94.5078125}
{'username': 'LAPTOP-R6UEF4HE\\HP', 'name': 'dllhost.exe', 'pid': 13156, 'vms': 2.53515625}
{'username': 'LAPTOP-R6UEF4HE\\HP', 'name': 'CastSrv.exe', 'pid': 13176, 'vms': 4.44921875}
{'username': 'LAPTOP-R6UEF4HE\\HP', 'name': 'SecurityHealthSystray.exe', 'pid': 13180, 'vms': 1.859375}
{'username': 'LAPTOP-R6UEF4HE\\HP', 'name': 'RuntimeBroker.exe', 'pid': 13244, 'vms': 2.5859375}
{'username': None, 'name': 'SecurityHealthService.exe', 'pid': 13272, 'vms': 7.75}
{'username': 'LAPTOP-R6UEF4HE\\HP', 'name': 'msedgewebview2.exe', 'pid': 13300, 'vms': 9.47265625}
{'username': 'LAPTOP-R6UEF4HE\\HP', 'name': 'RuntimeBroker.exe', 'pid': 13528, 'vms': 2.2890625}
{'username': None, 'name': 'mcshield.exe', 'pid': 13864, 'vms': 33.265625}
{'username': 'LAPTOP-R6UEF4HE\\HP', 'name': 'chrome.exe', 'pid': 14256, 'vms': 73.4140625}
{'username': None, 'name': 'svchost.exe', 'pid': 14276, 'vms': 5.5}
{'username': 'LAPTOP-R6UEF4HE\\HP', 'name': 'FileCoAuth.exe', 'pid': 14332, 'vms': 11.3984375}
{'username': 'LAPTOP-R6UEF4HE\\HP', 'name': 'conhost.exe', 'pid': 14344, 'vms': 2.25}
{'username': 'LAPTOP-R6UEF4HE\\HP', 'name': 'DesktopExtension.exe', 'pid': 14376, 'vms': 27.1875}
{'username': 'LAPTOP-R6UEF4HE\\HP', 'name': 'chrome.exe', 'pid': 14436, 'vms': 194.1171875}
{'username': 'LAPTOP-R6UEF4HE\\HP', 'name': 'svchost.exe', 'pid': 14568, 'vms': 2.203125}
{'username': 'LAPTOP-R6UEF4HE\\HP', 'name': 'McPvTray.exe', 'pid': 14632, 'vms': 4.50390625}
{'username': 'LAPTOP-R6UEF4HE\\HP', 'name': 'smartscreen.exe', 'pid': 14780, 'vms': 2.7890625}
{'username': None, 'name': 'svchost.exe', 'pid': 14800, 'vms': 11.234375}
{'username': 'LAPTOP-R6UEF4HE\\HP', 'name': 'WhatsApp.exe', 'pid': 14960, 'vms': 194.9296875}
{'username': 'LAPTOP-R6UEF4HE\\HP', 'name': 'HPAudioSwitch.exe', 'pid': 15008, 'vms': 39.6953125}
{'username': 'LAPTOP-R6UEF4HE\\HP', 'name': 'McUICnt.exe', 'pid': 15016, 'vms': 11.98828125}
{'username': 'LAPTOP-R6UEF4HE\\HP', 'name': 'chrome.exe', 'pid': 15064, 'vms': 28.4609375}
{'username': 'LAPTOP-R6UEF4HE\\HP', 'name': 'ShellExperienceHost.exe', 'pid': 15200, 'vms': 19.01953125}
{'username': 'LAPTOP-R6UEF4HE\\HP', 'name': 'browserhost.exe', 'pid': 15572, 'vms': 5.44140625}
{'username': 'LAPTOP-R6UEF4HE\\HP', 'name': 'conhost.exe', 'pid': 15800, 'vms': 2.65625}
{'username': 'LAPTOP-R6UEF4HE\\HP', 'name': 'cmd.exe', 'pid': 15808, 'vms': 1.8828125}
{'username': 'LAPTOP-R6UEF4HE\\HP', 'name': 'cmd.exe', 'pid': 15816, 'vms': 1.89453125}
{'username': 'LAPTOP-R6UEF4HE\\HP', 'name': 'conhost.exe', 'pid': 15824, 'vms': 1.5390625}
{'username': 'LAPTOP-R6UEF4HE\\HP', 'name': 'conhost.exe', 'pid': 15832, 'vms': 1.6484375}
{'username': 'LAPTOP-R6UEF4HE\\HP', 'name': 'aimgr.exe', 'pid': 15904, 'vms': 4.38671875}
{'username': 'LAPTOP-R6UEF4HE\\HP', 'name': 'browserhost.exe', 'pid': 15908, 'vms': 4.84375}
{'username': 'LAPTOP-R6UEF4HE\\HP', 'name': 'MfeBrowserHost.exe', 'pid': 15916, 'vms': 5.83984375}
{'username': 'LAPTOP-R6UEF4HE\\HP', 'name': 'CCXProcess.exe', 'pid': 15924, 'vms': 0.57421875}
{'username': 'LAPTOP-R6UEF4HE\\HP', 'name': 'HPSystemEventUtilityBackground.exe', 'pid': 16072, 'vms': 31.234375}
{'username': 'LAPTOP-R6UEF4HE\\HP', 'name': 'ONENOTEM.EXE', 'pid': 16120, 'vms': 3.171875}
{'username': 'LAPTOP-R6UEF4HE\\HP', 'name': 'msedge.exe', 'pid': 16284, 'vms': 16.53515625}
{'username': None, 'name': 'svchost.exe', 'pid': 16352, 'vms': 16.35546875}
{'username': 'LAPTOP-R6UEF4HE\\HP', 'name': 'OneDrive.Sync.Service.exe', 'pid': 16368, 'vms': 38.453125}
{'username': 'LAPTOP-R6UEF4HE\\HP', 'name': 'splwow64.exe', 'pid': 16372, 'vms': 7.11328125}
{'username': 'LAPTOP-R6UEF4HE\\HP', 'name': 'cmd.exe', 'pid': 16408, 'vms': 1.87890625}
{'username': None, 'name': 'svchost.exe', 'pid': 16512, 'vms': 3.0625}
{'username': None, 'name': 'svchost.exe', 'pid': 16544, 'vms': 2.828125}
{'username': None, 'name': 'svchost.exe', 'pid': 16636, 'vms': 8.65234375}
{'username': 'LAPTOP-R6UEF4HE\\HP', 'name': 'chrome.exe', 'pid': 16712, 'vms': 92.12890625}
{'username': 'LAPTOP-R6UEF4HE\\HP', 'name': 'Video.UI.exe', 'pid': 16768, 'vms': 19.00390625}
{'username': 'LAPTOP-R6UEF4HE\\HP', 'name': 'msedge.exe', 'pid': 16772, 'vms': 8.8203125}
{'username': 'LAPTOP-R6UEF4HE\\HP', 'name': 'HP.HPX.exe', 'pid': 16832, 'vms': 43.1328125}
{'username': 'LAPTOP-R6UEF4HE\\HP', 'name': 'msedge.exe', 'pid': 16864, 'vms': 26.5}
{'username': 'LAPTOP-R6UEF4HE\\HP', 'name': 'msedge.exe', 'pid': 16888, 'vms': 54.3984375}
{'username': 'LAPTOP-R6UEF4HE\\HP', 'name': 'HPSystemEventUtilityHost.exe', 'pid': 17008, 'vms': 33.890625}
{'username': 'LAPTOP-R6UEF4HE\\HP', 'name': 'HPMediaNetwork.exe', 'pid': 17024, 'vms': 39.0078125}
{'username': 'LAPTOP-R6UEF4HE\\HP', 'name': 'msedge.exe', 'pid': 17308, 'vms': 2.15625}

--------------------------------------------------------------------------------
